------------------------------------------------------------
Timing Analyzer Summary
------------------------------------------------------------

Type  : Slow 1100mV 100C Model Setup 'pc_clk'
Slack : -1.389
TNS   : -57.080

Type  : Slow 1100mV 100C Model Hold 'pc_clk'
Slack : 0.311
TNS   : 0.000

Type  : Slow 1100mV 100C Model Minimum Pulse Width 'pc_clk'
Slack : -0.538
TNS   : -50.676

Type  : Slow 1100mV -40C Model Setup 'pc_clk'
Slack : -1.571
TNS   : -57.973

Type  : Slow 1100mV -40C Model Hold 'pc_clk'
Slack : 0.288
TNS   : 0.000

Type  : Slow 1100mV -40C Model Minimum Pulse Width 'pc_clk'
Slack : -0.538
TNS   : -52.539

Type  : Fast 1100mV 100C Model Setup 'pc_clk'
Slack : -0.147
TNS   : -1.847

Type  : Fast 1100mV 100C Model Hold 'pc_clk'
Slack : 0.162
TNS   : 0.000

Type  : Fast 1100mV 100C Model Minimum Pulse Width 'pc_clk'
Slack : -0.084
TNS   : -5.077

Type  : Fast 1100mV -40C Model Setup 'pc_clk'
Slack : -0.042
TNS   : -0.253

Type  : Fast 1100mV -40C Model Hold 'pc_clk'
Slack : 0.137
TNS   : 0.000

Type  : Fast 1100mV -40C Model Minimum Pulse Width 'pc_clk'
Slack : -0.086
TNS   : -5.317

------------------------------------------------------------
